---
source: tests/snapshots.rs
expression: assembled
---
"HRELO  000000000019\nT00000015031000101B200C0F200C7500003F2FFD00000A000005\nM00000105\nE000000\n"

