---
source: tests/snapshots.rs
expression: assembled
---
"HLBYT  000000000038\nT0000001E0320323F2FFD54686973206973207175697465206C6F6E673B206C6F6E67\nT00001E1A6572207468616E206F6E652074657874207265636F7264000002\nE000000\n"

