---
source: tests/snapshots.rs
expression: assembled
---
"HTORG  00000000045E\nT000000090100092900093F2FFD\nE000000\n"

