---
source: tests/snapshots.rs
expression: assembled
---
"HLBYT  000000000030\nT0000001E03202A3F2FFD54686973697371756974656C6F6E673B6C6F6E6765727468\nT00001E12616E6F6E65746578747265636F7264000002\nE000000\n"

