---
source: tests/snapshots.rs
expression: assembled
---
"HCOPY  000000001076\nT0000001B17202D6900334B1010360320262900003320074B10105D3F2FEC032010\nT00001D120F20160100030F200D4B10105D3E2003454F46\nT00103621B410B400B44075101000E32019332FFADB2013A00433200857C003B850\nT0010531F3B2FEA1340004F0000F1B410774000E32011332FFA53C003DF2009B850\nT001070083B2FEF4F00000505\nM00000705\nM00001405\nM00002705\nM00105A03\nM00107403\nE000000\n"

